<?xml version="1.0" encoding="UTF-8" ?>
<testsuites name="vitest tests" tests="3" failures="0" errors="0" time="0.0288025">
    <testsuite name="app/api/contact/route.test.ts" timestamp="2025-08-08T13:54:26.694Z" hostname="DESKTOP-5UJ722B" tests="3" failures="0" errors="0" skipped="0" time="0.0288025">
        <testcase classname="app/api/contact/route.test.ts" name="API Route: /api/contact &gt; should return 200 OK and success:true on valid submission" time="0.0222322">
        </testcase>
        <testcase classname="app/api/contact/route.test.ts" name="API Route: /api/contact &gt; should return 400 Bad Request if fields are missing" time="0.0017989">
        </testcase>
        <testcase classname="app/api/contact/route.test.ts" name="API Route: /api/contact &gt; should return 500 Internal Server Error if sendMail fails" time="0.0022062">
        </testcase>
    </testsuite>
</testsuites>
